1785197087977 7/RMR [INFO] ric message routing library on SI95 p=4562 mv=3 flg=00 id=a (f447e29 4.9.4 built: Dec 13 2023)
Subscribe to E2 node ID: gnbd_208_093_00019b_0, RAN func: e2sm_kpm, Report Style: 2, UE_id: 0, metrics: ['DRB.RlcSduDelayDl', 'DRB.UEThpDl']
Successfully subscribed with Subscription ID:  3H6mrKAenn6ONLsOjuUpBRBsj9g
Received Subscription ID to E2EventInstanceId mapping: 3H6mrKAenn6ONLsOjuUpBRBsj9g -> 16
{'response': 'OK', 'status': 200, 'payload': '{}', 'ctype': 'application/json', 'attachment': None, 'mode': 'plain'}
10.0.2.13 - - [28/Jul/2026 00:04:49] "POST /ric/v1/subscriptions/response HTTP/1.1" 200 -

RIC Indication Received from gnbd_208_093_00019b_0 for Subscription ID: 16, KPM Report Style: 2, UE ID: 0
E2SM_KPM RIC Indication Content:
-ColletStartTime:  2026-07-28 00:04:51
-Measurements Data:
-granulPeriod: 1000
--Metric: DRB.RlcSduDelayDl, Value: [None]
--Metric: DRB.UEThpDl, Value: [0.0]

RIC Indication Received from gnbd_208_093_00019b_0 for Subscription ID: 16, KPM Report Style: 2, UE ID: 0
E2SM_KPM RIC Indication Content:
-ColletStartTime:  2026-07-28 00:04:54
-Measurements Data:
-granulPeriod: 1000
--Metric: DRB.RlcSduDelayDl, Value: [None]
--Metric: DRB.UEThpDl, Value: [0.0]

RIC Indication Received from gnbd_208_093_00019b_0 for Subscription ID: 16, KPM Report Style: 2, UE ID: 0
E2SM_KPM RIC Indication Content:
-ColletStartTime:  2026-07-28 00:04:56
-Measurements Data:
-granulPeriod: 1000
--Metric: DRB.RlcSduDelayDl, Value: [None]
--Metric: DRB.UEThpDl, Value: [0.0]

RIC Indication Received from gnbd_208_093_00019b_0 for Subscription ID: 16, KPM Report Style: 2, UE ID: 0
E2SM_KPM RIC Indication Content:
-ColletStartTime:  2026-07-28 00:04:59
-Measurements Data:
-granulPeriod: 1000
--Metric: DRB.RlcSduDelayDl, Value: [None]
--Metric: DRB.UEThpDl, Value: [0.0]

RIC Indication Received from gnbd_208_093_00019b_0 for Subscription ID: 16, KPM Report Style: 2, UE ID: 0
E2SM_KPM RIC Indication Content:
-ColletStartTime:  2026-07-28 00:05:02
-Measurements Data:
-granulPeriod: 1000
--Metric: DRB.RlcSduDelayDl, Value: [None]
--Metric: DRB.UEThpDl, Value: [0.0]

RIC Indication Received from gnbd_208_093_00019b_0 for Subscription ID: 16, KPM Report Style: 2, UE ID: 0
E2SM_KPM RIC Indication Content:
-ColletStartTime:  2026-07-28 00:05:04
-Measurements Data:
-granulPeriod: 1000
--Metric: DRB.RlcSduDelayDl, Value: [None]
--Metric: DRB.UEThpDl, Value: [0.0]

RIC Indication Received from gnbd_208_093_00019b_0 for Subscription ID: 16, KPM Report Style: 2, UE ID: 0
E2SM_KPM RIC Indication Content:
-ColletStartTime:  2026-07-28 00:05:07
-Measurements Data:
-granulPeriod: 1000
--Metric: DRB.RlcSduDelayDl, Value: [None]
--Metric: DRB.UEThpDl, Value: [0.0]

RIC Indication Received from gnbd_208_093_00019b_0 for Subscription ID: 16, KPM Report Style: 2, UE ID: 0
E2SM_KPM RIC Indication Content:
-ColletStartTime:  2026-07-28 00:05:09
-Measurements Data:
-granulPeriod: 1000
--Metric: DRB.RlcSduDelayDl, Value: [None]
--Metric: DRB.UEThpDl, Value: [0.0]

RIC Indication Received from gnbd_208_093_00019b_0 for Subscription ID: 16, KPM Report Style: 2, UE ID: 0
E2SM_KPM RIC Indication Content:
-ColletStartTime:  2026-07-28 00:05:12
-Measurements Data:
-granulPeriod: 1000
--Metric: DRB.RlcSduDelayDl, Value: [None]
--Metric: DRB.UEThpDl, Value: [0.0]

RIC Indication Received from gnbd_208_093_00019b_0 for Subscription ID: 16, KPM Report Style: 2, UE ID: 0
E2SM_KPM RIC Indication Content:
-ColletStartTime:  2026-07-28 00:05:15
-Measurements Data:
-granulPeriod: 1000
--Metric: DRB.RlcSduDelayDl, Value: [None]
--Metric: DRB.UEThpDl, Value: [0.0]

RIC Indication Received from gnbd_208_093_00019b_0 for Subscription ID: 16, KPM Report Style: 2, UE ID: 0
E2SM_KPM RIC Indication Content:
-ColletStartTime:  2026-07-28 00:05:17
-Measurements Data:
-granulPeriod: 1000
--Metric: DRB.RlcSduDelayDl, Value: [None]
--Metric: DRB.UEThpDl, Value: [0.0]

RIC Indication Received from gnbd_208_093_00019b_0 for Subscription ID: 16, KPM Report Style: 2, UE ID: 0
E2SM_KPM RIC Indication Content:
-ColletStartTime:  2026-07-28 00:05:20
-Measurements Data:
-granulPeriod: 1000
--Metric: DRB.RlcSduDelayDl, Value: [None]
--Metric: DRB.UEThpDl, Value: [0.0]

RIC Indication Received from gnbd_208_093_00019b_0 for Subscription ID: 16, KPM Report Style: 2, UE ID: 0
E2SM_KPM RIC Indication Content:
-ColletStartTime:  2026-07-28 00:05:22
-Measurements Data:
-granulPeriod: 1000
--Metric: DRB.RlcSduDelayDl, Value: [None]
--Metric: DRB.UEThpDl, Value: [0.0]

RIC Indication Received from gnbd_208_093_00019b_0 for Subscription ID: 16, KPM Report Style: 2, UE ID: 0
E2SM_KPM RIC Indication Content:
-ColletStartTime:  2026-07-28 00:05:25
-Measurements Data:
-granulPeriod: 1000
--Metric: DRB.RlcSduDelayDl, Value: [None]
--Metric: DRB.UEThpDl, Value: [0.0]

RIC Indication Received from gnbd_208_093_00019b_0 for Subscription ID: 16, KPM Report Style: 2, UE ID: 0
E2SM_KPM RIC Indication Content:
-ColletStartTime:  2026-07-28 00:05:27
-Measurements Data:
-granulPeriod: 1000
--Metric: DRB.RlcSduDelayDl, Value: [None]
--Metric: DRB.UEThpDl, Value: [0.0]

RIC Indication Received from gnbd_208_093_00019b_0 for Subscription ID: 16, KPM Report Style: 2, UE ID: 0
E2SM_KPM RIC Indication Content:
-ColletStartTime:  2026-07-28 00:05:30
-Measurements Data:
-granulPeriod: 1000
--Metric: DRB.RlcSduDelayDl, Value: [None]
--Metric: DRB.UEThpDl, Value: [0.0]

RIC Indication Received from gnbd_208_093_00019b_0 for Subscription ID: 16, KPM Report Style: 2, UE ID: 0
E2SM_KPM RIC Indication Content:
-ColletStartTime:  2026-07-28 00:05:32
-Measurements Data:
-granulPeriod: 1000
--Metric: DRB.RlcSduDelayDl, Value: [None]
--Metric: DRB.UEThpDl, Value: [0.0]

RIC Indication Received from gnbd_208_093_00019b_0 for Subscription ID: 16, KPM Report Style: 2, UE ID: 0
E2SM_KPM RIC Indication Content:
-ColletStartTime:  2026-07-28 00:05:35
-Measurements Data:
-granulPeriod: 1000
--Metric: DRB.RlcSduDelayDl, Value: [None]
--Metric: DRB.UEThpDl, Value: [0.0]

RIC Indication Received from gnbd_208_093_00019b_0 for Subscription ID: 16, KPM Report Style: 2, UE ID: 0
E2SM_KPM RIC Indication Content:
-ColletStartTime:  2026-07-28 00:05:38
-Measurements Data:
-granulPeriod: 1000
--Metric: DRB.RlcSduDelayDl, Value: [None]
--Metric: DRB.UEThpDl, Value: [0.0]

RIC Indication Received from gnbd_208_093_00019b_0 for Subscription ID: 16, KPM Report Style: 2, UE ID: 0
E2SM_KPM RIC Indication Content:
-ColletStartTime:  2026-07-28 00:05:40
-Measurements Data:
-granulPeriod: 1000
--Metric: DRB.RlcSduDelayDl, Value: [None]
--Metric: DRB.UEThpDl, Value: [0.0]

RIC Indication Received from gnbd_208_093_00019b_0 for Subscription ID: 16, KPM Report Style: 2, UE ID: 0
E2SM_KPM RIC Indication Content:
-ColletStartTime:  2026-07-28 00:05:43
-Measurements Data:
-granulPeriod: 1000
--Metric: DRB.RlcSduDelayDl, Value: [None]
--Metric: DRB.UEThpDl, Value: [0.0]

RIC Indication Received from gnbd_208_093_00019b_0 for Subscription ID: 16, KPM Report Style: 2, UE ID: 0
E2SM_KPM RIC Indication Content:
-ColletStartTime:  2026-07-28 00:05:45
-Measurements Data:
-granulPeriod: 1000
--Metric: DRB.RlcSduDelayDl, Value: [None]
--Metric: DRB.UEThpDl, Value: [0.0]

RIC Indication Received from gnbd_208_093_00019b_0 for Subscription ID: 16, KPM Report Style: 2, UE ID: 0
E2SM_KPM RIC Indication Content:
-ColletStartTime:  2026-07-28 00:05:48
-Measurements Data:
-granulPeriod: 1000
--Metric: DRB.RlcSduDelayDl, Value: [None]
--Metric: DRB.UEThpDl, Value: [0.0]

RIC Indication Received from gnbd_208_093_00019b_0 for Subscription ID: 16, KPM Report Style: 2, UE ID: 0
E2SM_KPM RIC Indication Content:
-ColletStartTime:  2026-07-28 00:05:51
-Measurements Data:
-granulPeriod: 1000
--Metric: DRB.RlcSduDelayDl, Value: [None]
--Metric: DRB.UEThpDl, Value: [0.0]
